// Jest Snapshot v1, https://goo.gl/fbAQLP

exports[`<ValidationProvider /> renders it child function's component directly 1`] = `
ShallowWrapper {
  "complexSelector": ComplexSelector {
    "buildPredicate": [Function],
    "childrenOfNode": [Function],
    "findWhereUnwrapped": [Function],
  },
  "length": 1,
  "node": <div
    className="test-child"
/>,
  "nodes": Array [
    <div
      className="test-child"
/>,
  ],
  "options": Object {},
  "renderer": ReactShallowRenderer {
    "_instance":  {
      "_calledComponentWillUnmount": false,
      "_compositeType": 0,
      "_context": Object {},
      "_currentElement": <ValidationProvider>
        <div
                className="test-child"
        />
</ValidationProvider>,
      "_debugID": 1,
      "_hostContainerInfo": null,
      "_hostParent": null,
      "_instance": ValidationProvider {
        "_reactInternalInstance": [Circular],
        "context": Object {},
        "props": Object {
          "children": <div
            className="test-child"
/>,
        },
        "refs": Object {},
        "state": null,
        "updater": Object {
          "enqueueCallback": [Function],
          "enqueueCallbackInternal": [Function],
          "enqueueElementInternal": [Function],
          "enqueueForceUpdate": [Function],
          "enqueueReplaceState": [Function],
          "enqueueSetState": [Function],
          "isMounted": [Function],
          "validateCallback": [Function],
        },
        "validator": Object {
          "areAllValid": [Function],
          "deregisterValidator": [Function],
          "getSubscriptions": [Function],
          "getValidations": [Function],
          "isValidating": [Function],
          "onValidate": [Function],
          "registerValidator": [Function],
          "subscribe": [Function],
          "unsubscribe": [Function],
          "validate": [Function],
        },
      },
      "_mountOrder": 1,
      "_pendingCallbacks": null,
      "_pendingElement": null,
      "_pendingForceUpdate": false,
      "_pendingReplaceState": false,
      "_pendingStateQueue": null,
      "_renderedComponent": NoopInternalComponent {
        "_currentElement": <div
          className="test-child"
/>,
        "_debugID": 2,
        "_renderedOutput": <div
          className="test-child"
/>,
      },
      "_renderedNodeType": 0,
      "_rootNodeID": 0,
      "_topLevelWrapper": null,
      "_updateBatchNumber": null,
      "_warnedAboutRefsInRender": false,
    },
    "getRenderOutput": [Function],
    "render": [Function],
  },
  "root": [Circular],
  "unrendered": <ValidationProvider>
    <div
        className="test-child"
    />
</ValidationProvider>,
}
`;

exports[`<ValidationProvider /> sets this.validator to coreValidator 1`] = `
Object {
  "areAllValid": [Function],
  "deregisterValidator": [Function],
  "getSubscriptions": [Function],
  "getValidations": [Function],
  "isValidating": [Function],
  "onValidate": [Function],
  "registerValidator": [Function],
  "subscribe": [Function],
  "unsubscribe": [Function],
  "validate": [Function],
}
`;
